<?xml version='1.0' encoding='UTF-8'?>\012<spam><?xsl-stylesheet bing.xslt?></spam>