<html xmlns="http://www.w3.org/1999/xhtml" version="-//W3C//DTD XHTML 1.1//EN">\n  <head>\n    <title xml:lang="en">Welcome</title>\n  </head>\n\n  <body>\n    <h1 xml:lang="en">Welcome</h1>\n    \n    <hr/>\n    <p xml:lang="en">\nThe Kaiwa Club is an informal group for people who want to practice\nJapanese conversation. We welcome members at all levels of\nproficiency.\n</p>\n    \n  </body>\n</html>