<!DOCTYPE html PUBLIC "-//W3C//DTD HTML 4.0//EN">\n<html>\n  <head>\n    <meta http-equiv=\'Content-Type\' content=\'text/html; charset=ISO-8859-1\'>\n  </head>\n  <body>\n    <p>&nbsp;</p>\n    <p> &nbsp;</p>\n    <p>&nbsp; </p>\n    <p> &nbsp;*</p>\n    <p>*&nbsp; </p>\n    <p>*&nbsp;*</p>\n    <p>*</p>\n    <table width=\'100%\' border=\'1\'>\n      <tr>\n        <td bgcolor=\'blue\'>&nbsp;</td>\n        <td bgcolor=\'blue\'> &nbsp;</td>\n        <td bgcolor=\'blue\'>&nbsp; </td>\n        <td bgcolor=\'blue\'> &nbsp;*</td>\n        <td bgcolor=\'blue\'>*&nbsp; </td>\n        <td bgcolor=\'blue\'>*&nbsp;*</td>\n        <td bgcolor=\'blue\'>*</td>\n      </tr>\n    </table>\n  </body>\n</html>