<?xml version='1.0' encoding='iso-8859-1'?>\012\012<para>H\344agen-Dazs</para>\012<!--H\344agen-Dazs-->\012